# SoH excursion capture — port /dev/cu.usbmodem11203 — start epoch 1780595638
10:53:59 [v4 t=116150] V=2986 mV T=23.56 C SOC=90.88% PWR=2 CYC=0 flags=0x00000000 I=32.70 mA Q=8.94 mAh SOH=100.00%
10:54:01 [v4 t=118152] V=2985 mV T=23.56 C SOC=90.72% PWR=2 CYC=0 flags=0x00000000 I=32.80 mA Q=8.92 mAh SOH=100.00%
10:54:03 [v4 t=120154] V=2985 mV T=23.89 C SOC=90.56% PWR=3 CYC=0 flags=0x00000000 I=32.70 mA Q=8.90 mAh SOH=100.00%
10:54:05 [v4 t=122156] V=2984 mV T=23.89 C SOC=90.40% PWR=3 CYC=0 flags=0x00000000 I=32.70 mA Q=8.89 mAh SOH=100.00%
10:54:07 [v4 t=124158] V=2982 mV T=23.56 C SOC=90.24% PWR=3 CYC=0 flags=0x00000000 I=32.70 mA Q=8.87 mAh SOH=100.00%
10:54:09 [v4 t=126160] V=2982 mV T=23.56 C SOC=90.08% PWR=3 CYC=0 flags=0x00000000 I=32.80 mA Q=8.85 mAh SOH=100.00%
10:54:11 [v4 t=128162] V=2981 mV T=23.56 C SOC=89.92% PWR=3 CYC=0 flags=0x00000000 I=32.80 mA Q=8.83 mAh SOH=100.00%
10:54:13 [v4 t=130164] V=2983 mV T=23.56 C SOC=89.76% PWR=3 CYC=0 flags=0x00000000 I=32.80 mA Q=8.81 mAh SOH=100.00%
10:54:15 [v4 t=132166] V=2984 mV T=23.56 C SOC=89.60% PWR=3 CYC=0 flags=0x00000000 I=32.70 mA Q=8.79 mAh SOH=100.00%
10:54:17 [v4 t=134168] V=2985 mV T=23.56 C SOC=89.44% PWR=3 CYC=0 flags=0x00000000 I=32.80 mA Q=8.78 mAh SOH=100.00%
10:54:19 [v4 t=136170] V=2985 mV T=23.89 C SOC=89.28% PWR=3 CYC=0 flags=0x00000000 I=32.80 mA Q=8.76 mAh SOH=100.00%
10:54:21 [v4 t=138172] V=2984 mV T=23.56 C SOC=89.12% PWR=3 CYC=0 flags=0x00000000 I=32.80 mA Q=8.74 mAh SOH=100.00%
10:54:23 [v4 t=140174] V=2983 mV T=24.22 C SOC=88.96% PWR=3 CYC=0 flags=0x00000000 I=32.70 mA Q=8.72 mAh SOH=100.00%
10:54:25 [v4 t=142176] V=2983 mV T=23.89 C SOC=88.80% PWR=3 CYC=0 flags=0x00000000 I=32.70 mA Q=8.70 mAh SOH=100.00%
10:54:27 [v4 t=144178] V=2984 mV T=23.89 C SOC=88.64% PWR=3 CYC=0 flags=0x00000000 I=32.70 mA Q=8.69 mAh SOH=100.00%
10:54:29 [v4 t=146180] V=2978 mV T=23.89 C SOC=88.48% PWR=3 CYC=0 flags=0x00000000 I=32.70 mA Q=8.67 mAh SOH=100.00%
10:54:31 [v4 t=148182] V=2976 mV T=23.23 C SOC=88.32% PWR=3 CYC=0 flags=0x00000000 I=32.70 mA Q=8.65 mAh SOH=100.00%
10:54:33 [v4 t=150184] V=2976 mV T=23.56 C SOC=88.16% PWR=3 CYC=0 flags=0x00000000 I=32.70 mA Q=8.63 mAh SOH=100.00%
10:54:35 [v4 t=152186] V=2974 mV T=23.56 C SOC=88.00% PWR=3 CYC=0 flags=0x00000000 I=32.70 mA Q=8.61 mAh SOH=100.00%
10:54:37 [v4 t=154188] V=2978 mV T=24.22 C SOC=87.84% PWR=3 CYC=0 flags=0x00000000 I=32.70 mA Q=8.59 mAh SOH=100.00%
10:54:39 [v4 t=156190] V=2978 mV T=23.89 C SOC=87.68% PWR=3 CYC=0 flags=0x00000000 I=32.80 mA Q=8.58 mAh SOH=100.00%
10:54:41 [v4 t=158192] V=2978 mV T=23.56 C SOC=87.52% PWR=3 CYC=0 flags=0x00000000 I=32.80 mA Q=8.56 mAh SOH=100.00%
10:54:43 [v4 t=160194] V=2980 mV T=23.89 C SOC=87.36% PWR=3 CYC=0 flags=0x00000000 I=32.80 mA Q=8.54 mAh SOH=100.00%
10:54:45 [v4 t=162196] V=2981 mV T=23.56 C SOC=87.20% PWR=3 CYC=0 flags=0x00000000 I=32.70 mA Q=8.52 mAh SOH=100.00%
10:54:47 [v4 t=164198] V=2982 mV T=23.89 C SOC=87.04% PWR=3 CYC=0 flags=0x00000000 I=32.80 mA Q=8.50 mAh SOH=100.00%
10:54:49 [v4 t=166200] V=2982 mV T=23.56 C SOC=86.88% PWR=3 CYC=0 flags=0x00000000 I=32.70 mA Q=8.48 mAh SOH=100.00%
10:54:51 [v4 t=168202] V=2983 mV T=23.56 C SOC=86.72% PWR=3 CYC=0 flags=0x00000000 I=32.80 mA Q=8.47 mAh SOH=100.00%
10:54:53 [v4 t=170204] V=2983 mV T=23.56 C SOC=86.56% PWR=3 CYC=0 flags=0x00000000 I=32.80 mA Q=8.45 mAh SOH=100.00%
10:54:55 [v4 t=172206] V=2984 mV T=23.56 C SOC=86.40% PWR=3 CYC=0 flags=0x00000000 I=32.80 mA Q=8.43 mAh SOH=100.00%
10:54:57 [v4 t=174208] V=2982 mV T=23.89 C SOC=86.24% PWR=3 CYC=0 flags=0x00000000 I=32.70 mA Q=8.41 mAh SOH=100.00%
10:54:59 [v4 t=176210] V=2982 mV T=23.23 C SOC=86.08% PWR=3 CYC=0 flags=0x00000000 I=32.80 mA Q=8.39 mAh SOH=100.00%
10:55:01 [v4 t=178212] V=2982 mV T=24.22 C SOC=85.92% PWR=3 CYC=0 flags=0x00000000 I=32.70 mA Q=8.38 mAh SOH=100.00%
10:55:03 [v4 t=180214] V=2981 mV T=23.89 C SOC=85.76% PWR=3 CYC=0 flags=0x00000000 I=32.80 mA Q=8.36 mAh SOH=100.00%
10:55:05 [v4 t=182216] V=2982 mV T=23.89 C SOC=85.60% PWR=3 CYC=0 flags=0x00000000 I=32.70 mA Q=8.34 mAh SOH=100.00%
10:55:07 [v4 t=184218] V=2982 mV T=23.89 C SOC=85.44% PWR=3 CYC=0 flags=0x00000000 I=32.80 mA Q=8.32 mAh SOH=100.00%
10:55:09 [v4 t=186220] V=2982 mV T=23.56 C SOC=85.28% PWR=3 CYC=0 flags=0x00000000 I=32.70 mA Q=8.30 mAh SOH=100.00%
10:55:11 [v4 t=188222] V=2982 mV T=23.89 C SOC=85.12% PWR=3 CYC=0 flags=0x00000000 I=32.70 mA Q=8.28 mAh SOH=100.00%
10:55:13 [v4 t=190224] V=2981 mV T=23.56 C SOC=84.96% PWR=3 CYC=0 flags=0x00000000 I=32.70 mA Q=8.27 mAh SOH=100.00%
10:55:15 [v4 t=192226] V=2982 mV T=23.89 C SOC=84.80% PWR=3 CYC=0 flags=0x00000000 I=32.70 mA Q=8.25 mAh SOH=100.00%
10:55:17 [v4 t=194228] V=2981 mV T=23.89 C SOC=84.64% PWR=3 CYC=0 flags=0x00000000 I=32.80 mA Q=8.23 mAh SOH=100.00%
10:55:19 [v4 t=196230] V=2980 mV T=23.56 C SOC=84.48% PWR=3 CYC=0 flags=0x00000000 I=32.70 mA Q=8.21 mAh SOH=100.00%
10:55:21 [v4 t=198232] V=2981 mV T=23.89 C SOC=84.32% PWR=3 CYC=0 flags=0x00000000 I=32.70 mA Q=8.19 mAh SOH=100.00%
10:55:23 [v4 t=200234] V=2980 mV T=23.56 C SOC=84.16% PWR=3 CYC=0 flags=0x00000000 I=32.70 mA Q=8.18 mAh SOH=100.00%
10:55:25 [v4 t=202236] V=2982 mV T=24.55 C SOC=84.00% PWR=3 CYC=0 flags=0x00000000 I=32.70 mA Q=8.16 mAh SOH=100.00%
10:55:27 [v4 t=204238] V=2982 mV T=23.23 C SOC=83.84% PWR=3 CYC=0 flags=0x00000000 I=32.70 mA Q=8.14 mAh SOH=100.00%
10:55:29 [v4 t=206240] V=2983 mV T=23.56 C SOC=83.68% PWR=3 CYC=0 flags=0x00000000 I=32.70 mA Q=8.12 mAh SOH=100.00%
10:55:31 [v4 t=208242] V=2982 mV T=23.89 C SOC=83.52% PWR=3 CYC=0 flags=0x00000000 I=32.80 mA Q=8.10 mAh SOH=100.00%
10:55:33 [v4 t=210244] V=2982 mV T=23.56 C SOC=83.36% PWR=3 CYC=0 flags=0x00000000 I=32.80 mA Q=8.08 mAh SOH=100.00%
10:55:35 [v4 t=212246] V=2983 mV T=23.89 C SOC=83.20% PWR=3 CYC=0 flags=0x00000000 I=32.80 mA Q=8.07 mAh SOH=100.00%
10:55:37 [v4 t=214248] V=2982 mV T=23.89 C SOC=83.04% PWR=3 CYC=0 flags=0x00000000 I=32.70 mA Q=8.05 mAh SOH=100.00%
10:55:39 [v4 t=216250] V=2982 mV T=23.56 C SOC=82.88% PWR=3 CYC=0 flags=0x00000000 I=32.70 mA Q=8.03 mAh SOH=100.00%
10:55:41 [v4 t=218252] V=2981 mV T=23.56 C SOC=82.72% PWR=3 CYC=0 flags=0x00000000 I=32.80 mA Q=8.01 mAh SOH=100.00%
10:55:43 [v4 t=220254] V=2981 mV T=23.56 C SOC=82.56% PWR=3 CYC=0 flags=0x00000000 I=32.80 mA Q=7.99 mAh SOH=100.00%
10:55:45 [v4 t=222256] V=2981 mV T=23.56 C SOC=82.40% PWR=3 CYC=0 flags=0x00000000 I=32.70 mA Q=7.98 mAh SOH=100.00%
10:55:47 [v4 t=224258] V=2981 mV T=23.56 C SOC=82.24% PWR=3 CYC=0 flags=0x00000000 I=32.70 mA Q=7.96 mAh SOH=100.00%
10:55:49 [v4 t=226260] V=2981 mV T=23.23 C SOC=82.08% PWR=3 CYC=0 flags=0x00000000 I=32.70 mA Q=7.94 mAh SOH=100.00%
10:55:51 [v4 t=228262] V=2980 mV T=23.89 C SOC=81.92% PWR=3 CYC=0 flags=0x00000000 I=32.70 mA Q=7.92 mAh SOH=100.00%
10:55:53 [v4 t=230264] V=2980 mV T=23.89 C SOC=81.76% PWR=3 CYC=0 flags=0x00000000 I=32.80 mA Q=7.90 mAh SOH=100.00%
10:55:55 [v4 t=232266] V=2980 mV T=23.89 C SOC=81.60% PWR=3 CYC=0 flags=0x00000000 I=32.70 mA Q=7.88 mAh SOH=100.00%
10:55:57 [v4 t=234268] V=2981 mV T=23.89 C SOC=81.44% PWR=3 CYC=0 flags=0x00000000 I=32.70 mA Q=7.87 mAh SOH=100.00%
10:55:59 [v4 t=236270] V=2982 mV T=23.89 C SOC=81.28% PWR=3 CYC=0 flags=0x00000000 I=32.70 mA Q=7.85 mAh SOH=100.00%
10:56:01 [v4 t=238272] V=2981 mV T=23.23 C SOC=81.12% PWR=3 CYC=0 flags=0x00000000 I=32.70 mA Q=7.83 mAh SOH=100.00%
10:56:03 [v4 t=240274] V=2980 mV T=23.56 C SOC=80.96% PWR=3 CYC=0 flags=0x00000000 I=32.80 mA Q=7.81 mAh SOH=100.00%
10:56:05 [v4 t=242276] V=2979 mV T=23.56 C SOC=80.80% PWR=3 CYC=0 flags=0x00000000 I=32.80 mA Q=7.79 mAh SOH=100.00%
10:56:07 [v4 t=244278] V=2980 mV T=23.56 C SOC=80.64% PWR=3 CYC=0 flags=0x00000000 I=32.70 mA Q=7.77 mAh SOH=100.00%
10:56:09 [v4 t=246280] V=2981 mV T=23.56 C SOC=80.48% PWR=3 CYC=0 flags=0x00000000 I=32.70 mA Q=7.76 mAh SOH=100.00%
10:56:11 [v4 t=248282] V=2982 mV T=23.89 C SOC=80.32% PWR=3 CYC=0 flags=0x00000000 I=32.80 mA Q=7.74 mAh SOH=100.00%
10:56:13 [v4 t=250284] V=2983 mV T=23.23 C SOC=80.16% PWR=3 CYC=0 flags=0x00000000 I=32.70 mA Q=7.72 mAh SOH=100.00%
10:56:15 [v4 t=252286] V=2982 mV T=23.56 C SOC=80.00% PWR=3 CYC=0 flags=0x00000000 I=32.70 mA Q=7.70 mAh SOH=100.00%
10:56:17 [v4 t=254288] V=2980 mV T=23.56 C SOC=79.84% PWR=3 CYC=0 flags=0x00000000 I=32.80 mA Q=7.68 mAh SOH=100.00%
10:56:19 [v4 t=256290] V=2978 mV T=23.89 C SOC=79.68% PWR=3 CYC=0 flags=0x00000000 I=32.70 mA Q=7.67 mAh SOH=100.00%
10:56:21 [v4 t=258292] V=2978 mV T=23.56 C SOC=79.52% PWR=3 CYC=0 flags=0x00000000 I=32.80 mA Q=7.65 mAh SOH=100.00%
10:56:23 [v4 t=260294] V=2979 mV T=23.56 C SOC=79.36% PWR=3 CYC=0 flags=0x00000000 I=32.80 mA Q=7.63 mAh SOH=100.00%
10:56:25 [v4 t=262296] V=2982 mV T=23.56 C SOC=79.20% PWR=3 CYC=0 flags=0x00000000 I=32.80 mA Q=7.61 mAh SOH=100.00%
10:56:27 [v4 t=264298] V=2984 mV T=23.89 C SOC=79.04% PWR=3 CYC=0 flags=0x00000000 I=32.70 mA Q=7.59 mAh SOH=100.00%
10:56:29 [v4 t=266300] V=2984 mV T=23.89 C SOC=78.88% PWR=3 CYC=0 flags=0x00000000 I=32.70 mA Q=7.57 mAh SOH=100.00%
10:56:31 [v4 t=268302] V=2983 mV T=23.56 C SOC=78.72% PWR=3 CYC=0 flags=0x00000000 I=32.80 mA Q=7.56 mAh SOH=100.00%
10:56:33 [v4 t=270304] V=2982 mV T=23.89 C SOC=78.56% PWR=3 CYC=0 flags=0x00000000 I=32.70 mA Q=7.54 mAh SOH=100.00%
10:56:35 [v4 t=272306] V=2980 mV T=23.56 C SOC=78.40% PWR=3 CYC=0 flags=0x00000000 I=32.70 mA Q=7.52 mAh SOH=100.00%
10:56:37 [v4 t=274308] V=2981 mV T=23.56 C SOC=78.24% PWR=3 CYC=0 flags=0x00000000 I=32.70 mA Q=7.50 mAh SOH=100.00%
10:56:39 [v4 t=276310] V=2982 mV T=23.56 C SOC=78.08% PWR=3 CYC=0 flags=0x00000000 I=32.80 mA Q=7.48 mAh SOH=100.00%
10:56:41 [v4 t=278312] V=2982 mV T=23.23 C SOC=77.92% PWR=3 CYC=0 flags=0x00000000 I=32.80 mA Q=7.47 mAh SOH=100.00%
10:56:43 [v4 t=280314] V=2981 mV T=23.56 C SOC=77.76% PWR=3 CYC=0 flags=0x00000000 I=32.70 mA Q=7.45 mAh SOH=100.00%
10:56:45 [v4 t=282316] V=2981 mV T=23.56 C SOC=77.60% PWR=3 CYC=0 flags=0x00000000 I=32.70 mA Q=7.43 mAh SOH=100.00%
10:56:47 [v4 t=284318] V=2980 mV T=23.56 C SOC=77.44% PWR=3 CYC=0 flags=0x00000000 I=32.80 mA Q=7.41 mAh SOH=100.00%
10:56:49 [v4 t=286320] V=2980 mV T=23.56 C SOC=77.28% PWR=3 CYC=0 flags=0x00000000 I=32.80 mA Q=7.39 mAh SOH=100.00%
10:56:51 [v4 t=288322] V=2979 mV T=23.89 C SOC=77.12% PWR=3 CYC=0 flags=0x00000000 I=32.70 mA Q=7.37 mAh SOH=100.00%
10:56:53 [v4 t=290324] V=2981 mV T=23.56 C SOC=76.96% PWR=3 CYC=0 flags=0x00000000 I=32.70 mA Q=7.36 mAh SOH=100.00%
10:56:55 [v4 t=292326] V=2977 mV T=24.22 C SOC=76.80% PWR=3 CYC=0 flags=0x00000000 I=32.80 mA Q=7.34 mAh SOH=100.00%
10:56:57 [v4 t=294328] V=2976 mV T=23.56 C SOC=76.64% PWR=3 CYC=0 flags=0x00000000 I=32.80 mA Q=7.32 mAh SOH=100.00%
10:56:59 [v4 t=296330] V=2977 mV T=23.23 C SOC=76.48% PWR=3 CYC=0 flags=0x00000000 I=32.70 mA Q=7.30 mAh SOH=100.00%
10:57:01 [v4 t=298332] V=2975 mV T=23.56 C SOC=76.32% PWR=3 CYC=0 flags=0x00000000 I=32.80 mA Q=7.28 mAh SOH=100.00%
10:57:03 [v4 t=300335] V=2978 mV T=23.56 C SOC=76.16% PWR=3 CYC=0 flags=0x00000000 I=32.80 mA Q=7.26 mAh SOH=100.00%
10:57:05 [v4 t=302337] V=2979 mV T=23.89 C SOC=76.00% PWR=3 CYC=0 flags=0x00000000 I=32.70 mA Q=7.25 mAh SOH=100.00%
10:57:07 [v4 t=304340] V=2978 mV T=23.89 C SOC=75.84% PWR=3 CYC=0 flags=0x00000000 I=32.80 mA Q=7.23 mAh SOH=100.00%
10:57:09 [v4 t=306342] V=2979 mV T=23.56 C SOC=75.68% PWR=3 CYC=0 flags=0x00000000 I=32.70 mA Q=7.21 mAh SOH=100.00%
10:57:11 [v4 t=308345] V=2980 mV T=23.56 C SOC=75.52% PWR=3 CYC=0 flags=0x00000000 I=32.70 mA Q=7.19 mAh SOH=100.00%
10:57:13 [v4 t=310347] V=2979 mV T=23.56 C SOC=75.36% PWR=3 CYC=0 flags=0x00000000 I=32.70 mA Q=7.17 mAh SOH=100.00%
10:57:15 [v4 t=312350] V=2980 mV T=23.56 C SOC=75.20% PWR=3 CYC=0 flags=0x00000000 I=32.80 mA Q=7.16 mAh SOH=100.00%
10:57:17 [v4 t=314352] V=2980 mV T=23.56 C SOC=75.04% PWR=3 CYC=0 flags=0x00000000 I=32.70 mA Q=7.14 mAh SOH=100.00%
10:57:19 [v4 t=316355] V=2978 mV T=23.56 C SOC=74.88% PWR=3 CYC=0 flags=0x00000000 I=32.70 mA Q=7.12 mAh SOH=100.00%
10:57:21 [v4 t=318357] V=2978 mV T=23.89 C SOC=74.72% PWR=3 CYC=0 flags=0x00000000 I=32.70 mA Q=7.10 mAh SOH=100.00%
10:57:23 [v4 t=320360] V=2977 mV T=23.89 C SOC=74.56% PWR=3 CYC=0 flags=0x00000000 I=32.70 mA Q=7.08 mAh SOH=100.00%
10:57:25 [v4 t=322362] V=2977 mV T=23.89 C SOC=74.40% PWR=3 CYC=0 flags=0x00000000 I=32.70 mA Q=7.06 mAh SOH=100.00%
10:57:27 [v4 t=324365] V=2979 mV T=23.56 C SOC=74.24% PWR=3 CYC=0 flags=0x00000000 I=32.70 mA Q=7.05 mAh SOH=100.00%
10:57:29 [v4 t=326367] V=2979 mV T=23.89 C SOC=74.08% PWR=3 CYC=0 flags=0x00000000 I=32.80 mA Q=7.03 mAh SOH=100.00%
10:57:31 [v4 t=328370] V=2980 mV T=23.89 C SOC=73.92% PWR=3 CYC=0 flags=0x00000000 I=32.70 mA Q=7.01 mAh SOH=100.00%
10:57:33 [v4 t=330372] V=2981 mV T=23.56 C SOC=73.76% PWR=3 CYC=0 flags=0x00000000 I=32.70 mA Q=6.99 mAh SOH=100.00%
10:57:35 [v4 t=332375] V=2981 mV T=23.56 C SOC=73.60% PWR=3 CYC=0 flags=0x00000000 I=32.80 mA Q=6.97 mAh SOH=100.00%
10:57:37 [v4 t=334377] V=2980 mV T=23.56 C SOC=73.44% PWR=3 CYC=0 flags=0x00000000 I=32.80 mA Q=6.96 mAh SOH=100.00%
10:57:39 [v4 t=336380] V=2979 mV T=23.89 C SOC=73.28% PWR=3 CYC=0 flags=0x00000000 I=32.70 mA Q=6.94 mAh SOH=100.00%
10:57:41 [v4 t=338382] V=2977 mV T=23.89 C SOC=73.12% PWR=3 CYC=0 flags=0x00000000 I=32.70 mA Q=6.92 mAh SOH=100.00%
10:57:43 [v4 t=340385] V=2977 mV T=23.56 C SOC=72.96% PWR=3 CYC=0 flags=0x00000000 I=32.70 mA Q=6.90 mAh SOH=100.00%
10:57:45 [v4 t=342387] V=2978 mV T=23.89 C SOC=72.80% PWR=3 CYC=0 flags=0x00000000 I=32.80 mA Q=6.88 mAh SOH=100.00%
10:57:47 [v4 t=344390] V=2979 mV T=23.89 C SOC=72.64% PWR=3 CYC=0 flags=0x00000000 I=32.70 mA Q=6.86 mAh SOH=100.00%
10:57:49 [v4 t=346392] V=2979 mV T=23.89 C SOC=72.48% PWR=3 CYC=0 flags=0x00000000 I=32.80 mA Q=6.85 mAh SOH=100.00%
10:57:51 [v4 t=348395] V=2979 mV T=23.89 C SOC=72.32% PWR=3 CYC=0 flags=0x00000000 I=32.70 mA Q=6.83 mAh SOH=100.00%
10:57:53 [v4 t=350397] V=2980 mV T=23.56 C SOC=72.16% PWR=3 CYC=0 flags=0x00000000 I=32.70 mA Q=6.81 mAh SOH=100.00%
10:57:55 [v4 t=352400] V=2979 mV T=23.89 C SOC=72.00% PWR=3 CYC=0 flags=0x00000000 I=32.70 mA Q=6.79 mAh SOH=100.00%
10:57:57 [v4 t=354402] V=2981 mV T=23.56 C SOC=71.84% PWR=3 CYC=0 flags=0x00000000 I=32.80 mA Q=6.77 mAh SOH=100.00%
10:57:59 [v4 t=356405] V=2981 mV T=24.88 C SOC=71.68% PWR=3 CYC=0 flags=0x00000000 I=32.80 mA Q=6.76 mAh SOH=100.00%
10:58:01 [v4 t=358407] V=2981 mV T=24.55 C SOC=71.52% PWR=3 CYC=0 flags=0x00000000 I=32.80 mA Q=6.74 mAh SOH=100.00%
10:58:03 [v4 t=360410] V=2982 mV T=23.56 C SOC=71.36% PWR=3 CYC=0 flags=0x00000000 I=32.70 mA Q=6.72 mAh SOH=100.00%
10:58:05 [v4 t=362413] V=2981 mV T=23.56 C SOC=71.20% PWR=3 CYC=0 flags=0x00000000 I=32.70 mA Q=6.70 mAh SOH=100.00%
10:58:07 [v4 t=364415] V=2980 mV T=23.89 C SOC=71.04% PWR=3 CYC=0 flags=0x00000000 I=32.80 mA Q=6.68 mAh SOH=100.00%
10:58:09 [v4 t=366418] V=2981 mV T=23.56 C SOC=70.88% PWR=3 CYC=0 flags=0x00000000 I=32.70 mA Q=6.66 mAh SOH=100.00%
10:58:11 [v4 t=368420] V=2977 mV T=23.89 C SOC=70.72% PWR=3 CYC=0 flags=0x00000000 I=32.70 mA Q=6.65 mAh SOH=100.00%
10:58:13 [v4 t=370423] V=2979 mV T=23.56 C SOC=70.56% PWR=3 CYC=0 flags=0x00000000 I=32.70 mA Q=6.63 mAh SOH=100.00%
10:58:15 [v4 t=372425] V=2978 mV T=23.89 C SOC=70.40% PWR=3 CYC=0 flags=0x00000000 I=32.70 mA Q=6.61 mAh SOH=100.00%
10:58:17 [v4 t=374428] V=2976 mV T=23.56 C SOC=70.24% PWR=3 CYC=0 flags=0x00000000 I=32.70 mA Q=6.59 mAh SOH=100.00%
10:58:19 [v4 t=376430] V=2978 mV T=23.89 C SOC=70.08% PWR=3 CYC=0 flags=0x00000000 I=32.80 mA Q=6.57 mAh SOH=100.00%
10:58:21 [v4 t=378433] V=2976 mV T=23.56 C SOC=69.92% PWR=3 CYC=0 flags=0x00000000 I=32.70 mA Q=6.55 mAh SOH=100.00%
10:58:23 [v4 t=380435] V=2978 mV T=23.56 C SOC=69.76% PWR=3 CYC=0 flags=0x00000000 I=32.70 mA Q=6.54 mAh SOH=100.00%
10:58:25 [v4 t=382438] V=2979 mV T=23.56 C SOC=69.60% PWR=3 CYC=0 flags=0x00000000 I=32.70 mA Q=6.52 mAh SOH=100.00%
10:58:27 [v4 t=384440] V=2980 mV T=23.56 C SOC=69.44% PWR=3 CYC=0 flags=0x00000000 I=32.80 mA Q=6.50 mAh SOH=100.00%
10:58:29 [v4 t=386443] V=2980 mV T=23.56 C SOC=69.28% PWR=3 CYC=0 flags=0x00000000 I=32.70 mA Q=6.48 mAh SOH=100.00%
10:58:31 [v4 t=388445] V=2980 mV T=23.89 C SOC=69.12% PWR=3 CYC=0 flags=0x00000000 I=32.70 mA Q=6.46 mAh SOH=100.00%
10:58:33 [v4 t=390448] V=2979 mV T=23.56 C SOC=68.96% PWR=3 CYC=0 flags=0x00000000 I=32.80 mA Q=6.45 mAh SOH=100.00%
10:58:35 [v4 t=392450] V=2979 mV T=23.56 C SOC=68.80% PWR=3 CYC=0 flags=0x00000000 I=32.80 mA Q=6.43 mAh SOH=100.00%
10:58:37 [v4 t=394453] V=2980 mV T=23.89 C SOC=68.64% PWR=3 CYC=0 flags=0x00000000 I=32.70 mA Q=6.41 mAh SOH=100.00%
10:58:39 [v4 t=396455] V=2981 mV T=23.56 C SOC=68.48% PWR=3 CYC=0 flags=0x00000000 I=32.70 mA Q=6.39 mAh SOH=100.00%
10:58:41 [v4 t=398458] V=2980 mV T=23.56 C SOC=68.32% PWR=3 CYC=0 flags=0x00000000 I=32.80 mA Q=6.37 mAh SOH=100.00%
10:58:43 [v4 t=400460] V=2979 mV T=23.89 C SOC=68.16% PWR=3 CYC=0 flags=0x00000000 I=32.70 mA Q=6.35 mAh SOH=100.00%
10:58:45 [v4 t=402463] V=2979 mV T=23.89 C SOC=68.00% PWR=3 CYC=0 flags=0x00000000 I=32.80 mA Q=6.34 mAh SOH=100.00%
10:58:47 [v4 t=404465] V=2977 mV T=23.56 C SOC=67.84% PWR=3 CYC=0 flags=0x00000000 I=32.70 mA Q=6.32 mAh SOH=100.00%
10:58:49 [v4 t=406468] V=2978 mV T=23.89 C SOC=67.68% PWR=3 CYC=0 flags=0x00000000 I=32.70 mA Q=6.30 mAh SOH=100.00%
10:58:51 [v4 t=408470] V=2980 mV T=23.89 C SOC=67.52% PWR=3 CYC=0 flags=0x00000000 I=32.80 mA Q=6.28 mAh SOH=100.00%
10:58:53 [v4 t=410473] V=2977 mV T=23.56 C SOC=67.36% PWR=3 CYC=0 flags=0x00000000 I=32.80 mA Q=6.26 mAh SOH=100.00%
10:58:55 [v4 t=412475] V=2976 mV T=23.23 C SOC=67.20% PWR=3 CYC=0 flags=0x00000000 I=32.80 mA Q=6.25 mAh SOH=100.00%
10:58:57 [v4 t=414478] V=2975 mV T=23.56 C SOC=67.04% PWR=3 CYC=0 flags=0x00000000 I=32.80 mA Q=6.23 mAh SOH=100.00%
10:58:59 [v4 t=416480] V=2974 mV T=23.56 C SOC=66.88% PWR=3 CYC=0 flags=0x00000000 I=32.70 mA Q=6.21 mAh SOH=100.00%
10:59:01 [v4 t=418483] V=2976 mV T=23.89 C SOC=66.72% PWR=3 CYC=0 flags=0x00000000 I=32.80 mA Q=6.19 mAh SOH=100.00%
10:59:03 [v4 t=420485] V=2979 mV T=23.56 C SOC=66.56% PWR=3 CYC=0 flags=0x00000000 I=32.80 mA Q=6.17 mAh SOH=100.00%
10:59:05 [v4 t=422488] V=2979 mV T=23.56 C SOC=66.40% PWR=3 CYC=0 flags=0x00000000 I=32.80 mA Q=6.15 mAh SOH=100.00%
10:59:07 [v4 t=424491] V=2976 mV T=23.23 C SOC=66.24% PWR=3 CYC=0 flags=0x00000000 I=32.70 mA Q=6.14 mAh SOH=100.00%
10:59:09 [v4 t=426493] V=2975 mV T=23.56 C SOC=66.08% PWR=3 CYC=0 flags=0x00000000 I=32.70 mA Q=6.12 mAh SOH=100.00%
10:59:11 [v4 t=428496] V=2975 mV T=23.56 C SOC=65.92% PWR=3 CYC=0 flags=0x00000000 I=32.80 mA Q=6.10 mAh SOH=100.00%
10:59:13 [v4 t=430498] V=2975 mV T=23.23 C SOC=65.76% PWR=3 CYC=0 flags=0x00000000 I=32.70 mA Q=6.08 mAh SOH=100.00%
10:59:15 [v4 t=432501] V=2979 mV T=23.56 C SOC=65.60% PWR=3 CYC=0 flags=0x00000000 I=32.70 mA Q=6.06 mAh SOH=100.00%
10:59:17 [v4 t=434503] V=2980 mV T=23.56 C SOC=65.44% PWR=3 CYC=0 flags=0x00000000 I=32.70 mA Q=6.04 mAh SOH=100.00%
10:59:19 [v4 t=436506] V=2978 mV T=23.56 C SOC=65.28% PWR=3 CYC=0 flags=0x00000000 I=32.80 mA Q=6.03 mAh SOH=100.00%
10:59:21 [v4 t=438508] V=2978 mV T=23.89 C SOC=65.12% PWR=3 CYC=0 flags=0x00000000 I=32.70 mA Q=6.01 mAh SOH=100.00%
10:59:23 [v4 t=440511] V=2979 mV T=23.56 C SOC=64.96% PWR=3 CYC=0 flags=0x00000000 I=32.80 mA Q=5.99 mAh SOH=100.00%
10:59:25 [v4 t=442513] V=2978 mV T=22.90 C SOC=64.80% PWR=3 CYC=0 flags=0x00000000 I=32.80 mA Q=5.97 mAh SOH=100.00%
10:59:27 [v4 t=444516] V=2980 mV T=23.56 C SOC=64.64% PWR=3 CYC=0 flags=0x00000000 I=32.70 mA Q=5.95 mAh SOH=100.00%
10:59:29 [v4 t=446518] V=2980 mV T=23.56 C SOC=64.48% PWR=3 CYC=0 flags=0x00000000 I=32.70 mA Q=5.94 mAh SOH=100.00%
10:59:31 [v4 t=448521] V=2979 mV T=23.89 C SOC=64.32% PWR=3 CYC=0 flags=0x00000000 I=32.80 mA Q=5.92 mAh SOH=100.00%
10:59:33 [v4 t=450523] V=2975 mV T=23.89 C SOC=64.16% PWR=3 CYC=0 flags=0x00000000 I=32.70 mA Q=5.90 mAh SOH=100.00%
10:59:35 [v4 t=452526] V=2975 mV T=23.89 C SOC=64.00% PWR=3 CYC=0 flags=0x00000000 I=32.80 mA Q=5.88 mAh SOH=100.00%
10:59:37 [v4 t=454528] V=2974 mV T=23.89 C SOC=63.84% PWR=3 CYC=0 flags=0x00000000 I=32.70 mA Q=5.86 mAh SOH=100.00%
10:59:39 [v4 t=456531] V=2974 mV T=23.56 C SOC=63.68% PWR=3 CYC=0 flags=0x00000000 I=32.80 mA Q=5.84 mAh SOH=100.00%
10:59:41 [v4 t=458533] V=2979 mV T=23.89 C SOC=63.52% PWR=3 CYC=0 flags=0x00000000 I=32.80 mA Q=5.83 mAh SOH=100.00%
10:59:43 [v4 t=460536] V=2980 mV T=23.56 C SOC=63.36% PWR=3 CYC=0 flags=0x00000000 I=32.80 mA Q=5.81 mAh SOH=100.00%
10:59:45 [v4 t=462538] V=2980 mV T=23.56 C SOC=63.20% PWR=3 CYC=0 flags=0x00000000 I=32.70 mA Q=5.79 mAh SOH=100.00%
10:59:47 [v4 t=464541] V=2979 mV T=23.56 C SOC=63.04% PWR=3 CYC=0 flags=0x00000000 I=32.70 mA Q=5.77 mAh SOH=100.00%
10:59:49 [v4 t=466543] V=2979 mV T=23.89 C SOC=62.88% PWR=3 CYC=0 flags=0x00000000 I=32.70 mA Q=5.75 mAh SOH=100.00%
10:59:51 [v4 t=468546] V=2979 mV T=23.56 C SOC=62.72% PWR=3 CYC=0 flags=0x00000000 I=32.80 mA Q=5.74 mAh SOH=100.00%
10:59:53 [v4 t=470548] V=2980 mV T=23.89 C SOC=62.56% PWR=3 CYC=0 flags=0x00000000 I=32.70 mA Q=5.72 mAh SOH=100.00%
10:59:55 [v4 t=472551] V=2980 mV T=23.56 C SOC=62.40% PWR=3 CYC=0 flags=0x00000000 I=32.70 mA Q=5.70 mAh SOH=100.00%
10:59:57 [v4 t=474553] V=2980 mV T=23.23 C SOC=62.24% PWR=3 CYC=0 flags=0x00000000 I=32.80 mA Q=5.68 mAh SOH=100.00%
10:59:59 [v4 t=476556] V=2981 mV T=23.89 C SOC=62.08% PWR=3 CYC=0 flags=0x00000000 I=32.70 mA Q=5.66 mAh SOH=100.00%
11:00:01 [v4 t=478558] V=2979 mV T=23.56 C SOC=61.92% PWR=3 CYC=0 flags=0x00000000 I=32.70 mA Q=5.64 mAh SOH=100.00%
11:00:03 [v4 t=480561] V=2974 mV T=23.56 C SOC=61.76% PWR=3 CYC=0 flags=0x00000000 I=32.70 mA Q=5.63 mAh SOH=100.00%
11:00:05 [v4 t=482563] V=2975 mV T=24.55 C SOC=61.60% PWR=3 CYC=0 flags=0x00000000 I=32.80 mA Q=5.61 mAh SOH=100.00%
11:00:07 [v4 t=484566] V=2974 mV T=23.56 C SOC=61.44% PWR=3 CYC=0 flags=0x00000000 I=32.70 mA Q=5.59 mAh SOH=100.00%
11:00:09 [v4 t=486568] V=2975 mV T=23.89 C SOC=61.28% PWR=3 CYC=0 flags=0x00000000 I=32.80 mA Q=5.57 mAh SOH=100.00%
11:00:11 [v4 t=488571] V=2980 mV T=23.89 C SOC=61.12% PWR=3 CYC=0 flags=0x00000000 I=32.70 mA Q=5.55 mAh SOH=100.00%
11:00:13 [v4 t=490573] V=2978 mV T=23.89 C SOC=60.96% PWR=3 CYC=0 flags=0x00000000 I=32.70 mA Q=5.53 mAh SOH=100.00%
11:00:15 [v4 t=492576] V=2978 mV T=23.56 C SOC=60.80% PWR=3 CYC=0 flags=0x00000000 I=32.70 mA Q=5.52 mAh SOH=100.00%
11:00:17 [v4 t=494578] V=2976 mV T=23.23 C SOC=60.64% PWR=3 CYC=0 flags=0x00000000 I=32.80 mA Q=5.50 mAh SOH=100.00%
11:00:18 [v4 t=496581] V=2977 mV T=23.89 C SOC=60.48% PWR=3 CYC=0 flags=0x00000000 I=32.70 mA Q=5.48 mAh SOH=100.00%
11:00:20 [v4 t=498583] V=2975 mV T=23.89 C SOC=60.32% PWR=3 CYC=0 flags=0x00000000 I=32.80 mA Q=5.46 mAh SOH=100.00%
11:00:22 [v4 t=500586] V=2975 mV T=23.89 C SOC=60.16% PWR=3 CYC=0 flags=0x00000000 I=32.70 mA Q=5.44 mAh SOH=100.00%
11:00:24 [v4 t=502588] V=2977 mV T=23.56 C SOC=60.00% PWR=3 CYC=0 flags=0x00000000 I=32.80 mA Q=5.43 mAh SOH=100.00%
11:00:26 [v4 t=504591] V=2975 mV T=23.89 C SOC=59.84% PWR=3 CYC=0 flags=0x00000000 I=32.80 mA Q=5.41 mAh SOH=100.00%
11:00:28 [v4 t=506593] V=2890 mV T=23.56 C SOC=59.68% PWR=3 CYC=0 flags=0x00000000 I=22.40 mA Q=5.39 mAh SOH=100.00%
11:00:30 [v4 t=508596] V=2623 mV T=23.23 C SOC=59.52% PWR=3 CYC=0 flags=0x00000000 I=21.80 mA Q=5.38 mAh SOH=100.00%
11:00:32 [v4 t=510598] V=2351 mV T=23.89 C SOC=59.36% PWR=3 CYC=0 flags=0x00000000 I=21.80 mA Q=5.37 mAh SOH=100.00%
11:00:34 [v4 t=512601] V=2079 mV T=23.56 C SOC=59.20% PWR=4 CYC=0 flags=0x00000000 I=21.80 mA Q=0.01 mAh SOH=73.10%
11:00:34 >>> SOH CHANGED 100.00% -> 73.10% <<<
11:00:36 [v4 t=514604] V=1894 mV T=23.56 C SOC=59.04% PWR=4 CYC=0 flags=0x00000000 I=21.80 mA Q=0.02 mAh SOH=73.10%
11:00:38 [v4 t=516606] V=1892 mV T=23.89 C SOC=58.88% PWR=4 CYC=0 flags=0x00000000 I=21.80 mA Q=0.03 mAh SOH=73.10%
11:00:40 [v4 t=518609] V=1892 mV T=23.56 C SOC=58.72% PWR=4 CYC=0 flags=0x00000000 I=21.80 mA Q=0.04 mAh SOH=73.10%
11:00:42 [v4 t=520611] V=1892 mV T=23.56 C SOC=58.56% PWR=4 CYC=0 flags=0x00000000 I=21.80 mA Q=0.06 mAh SOH=73.10%
11:00:44 [v4 t=522614] V=1892 mV T=23.23 C SOC=58.40% PWR=4 CYC=0 flags=0x00000000 I=21.80 mA Q=0.07 mAh SOH=73.10%
11:00:46 [v4 t=524616] V=1890 mV T=23.89 C SOC=58.24% PWR=4 CYC=0 flags=0x00000000 I=21.80 mA Q=0.08 mAh SOH=73.10%
11:00:48 [v4 t=526619] V=1890 mV T=23.56 C SOC=58.08% PWR=4 CYC=0 flags=0x00000000 I=21.80 mA Q=0.09 mAh SOH=73.10%
11:00:50 [v4 t=528621] V=1889 mV T=23.89 C SOC=57.92% PWR=4 CYC=0 flags=0x00000000 I=21.80 mA Q=0.10 mAh SOH=73.10%
11:00:52 [v4 t=530624] V=1888 mV T=24.22 C SOC=57.76% PWR=4 CYC=0 flags=0x00000000 I=21.80 mA Q=0.12 mAh SOH=73.10%
11:00:54 [v4 t=532626] V=1893 mV T=23.56 C SOC=57.60% PWR=4 CYC=0 flags=0x00000000 I=21.80 mA Q=0.13 mAh SOH=73.10%
11:00:56 [v4 t=534629] V=1893 mV T=23.89 C SOC=57.44% PWR=4 CYC=0 flags=0x00000000 I=21.80 mA Q=0.14 mAh SOH=73.10%
11:00:58 [v4 t=536631] V=1894 mV T=23.56 C SOC=57.28% PWR=4 CYC=0 flags=0x00000000 I=21.80 mA Q=0.15 mAh SOH=73.10%
11:01:00 [v4 t=538634] V=1896 mV T=23.56 C SOC=57.12% PWR=4 CYC=0 flags=0x00000000 I=21.80 mA Q=0.17 mAh SOH=73.10%
11:01:02 [v4 t=540636] V=1891 mV T=23.89 C SOC=56.96% PWR=4 CYC=0 flags=0x00000000 I=21.80 mA Q=0.18 mAh SOH=73.10%
11:01:04 [v4 t=542639] V=1891 mV T=23.56 C SOC=56.80% PWR=4 CYC=0 flags=0x00000000 I=21.80 mA Q=0.19 mAh SOH=73.10%
11:01:06 [v4 t=544641] V=1891 mV T=23.89 C SOC=56.64% PWR=4 CYC=0 flags=0x00000000 I=21.80 mA Q=0.20 mAh SOH=73.10%
11:01:08 [v4 t=546644] V=1892 mV T=24.22 C SOC=56.48% PWR=4 CYC=0 flags=0x00000000 I=21.80 mA Q=0.21 mAh SOH=73.10%
11:01:10 [v4 t=548646] V=1892 mV T=23.56 C SOC=56.32% PWR=4 CYC=0 flags=0x00000000 I=21.80 mA Q=0.23 mAh SOH=73.10%
11:01:12 [v4 t=550649] V=1893 mV T=23.56 C SOC=56.16% PWR=4 CYC=0 flags=0x00000000 I=21.80 mA Q=0.24 mAh SOH=73.10%
11:01:14 [v4 t=552651] V=1892 mV T=23.89 C SOC=56.00% PWR=4 CYC=0 flags=0x00000000 I=21.80 mA Q=0.25 mAh SOH=73.10%
11:01:16 [v4 t=554654] V=1890 mV T=23.89 C SOC=55.84% PWR=4 CYC=0 flags=0x00000000 I=21.80 mA Q=0.26 mAh SOH=73.10%
11:01:18 [v4 t=556656] V=1891 mV T=23.56 C SOC=55.68% PWR=4 CYC=0 flags=0x00000000 I=21.80 mA Q=0.27 mAh SOH=73.10%
11:01:20 [v4 t=558659] V=1890 mV T=23.89 C SOC=55.52% PWR=4 CYC=0 flags=0x00000000 I=21.80 mA Q=0.29 mAh SOH=73.10%
11:01:22 [v4 t=560661] V=1891 mV T=23.89 C SOC=55.36% PWR=4 CYC=0 flags=0x00000000 I=21.80 mA Q=0.30 mAh SOH=73.10%
11:01:24 [v4 t=562664] V=1891 mV T=23.56 C SOC=55.20% PWR=4 CYC=0 flags=0x00000000 I=21.80 mA Q=0.31 mAh SOH=73.10%
11:01:26 [v4 t=564666] V=1889 mV T=23.23 C SOC=55.04% PWR=4 CYC=0 flags=0x00000000 I=21.80 mA Q=0.32 mAh SOH=73.10%
11:01:28 [v4 t=566669] V=1890 mV T=23.56 C SOC=54.88% PWR=4 CYC=0 flags=0x00000000 I=21.80 mA Q=0.33 mAh SOH=73.10%
11:01:30 [v4 t=568671] V=1889 mV T=23.23 C SOC=54.72% PWR=4 CYC=0 flags=0x00000000 I=21.80 mA Q=0.35 mAh SOH=73.10%
11:01:32 [v4 t=570674] V=1889 mV T=23.56 C SOC=54.56% PWR=4 CYC=0 flags=0x00000000 I=21.80 mA Q=0.36 mAh SOH=73.10%
11:01:34 [v4 t=572677] V=1890 mV T=23.89 C SOC=54.40% PWR=4 CYC=0 flags=0x00000000 I=21.80 mA Q=0.37 mAh SOH=73.10%
11:01:36 [v4 t=574679] V=1889 mV T=23.56 C SOC=54.24% PWR=4 CYC=0 flags=0x00000000 I=21.80 mA Q=0.38 mAh SOH=73.10%
11:01:38 [v4 t=576682] V=1890 mV T=23.89 C SOC=54.08% PWR=4 CYC=0 flags=0x00000000 I=21.80 mA Q=0.40 mAh SOH=73.10%
11:01:40 [v4 t=578684] V=1890 mV T=23.89 C SOC=53.92% PWR=4 CYC=0 flags=0x00000000 I=21.80 mA Q=0.41 mAh SOH=73.10%
11:01:42 [v4 t=580687] V=1889 mV T=24.22 C SOC=53.76% PWR=4 CYC=0 flags=0x00000000 I=21.80 mA Q=0.42 mAh SOH=73.10%
11:01:44 [v4 t=582689] V=1889 mV T=23.89 C SOC=53.60% PWR=4 CYC=0 flags=0x00000000 I=21.80 mA Q=0.43 mAh SOH=73.10%
11:01:46 [v4 t=584692] V=1890 mV T=23.56 C SOC=53.44% PWR=4 CYC=0 flags=0x00000000 I=21.80 mA Q=0.44 mAh SOH=73.10%
11:01:48 [v4 t=586694] V=1889 mV T=23.56 C SOC=53.28% PWR=4 CYC=0 flags=0x00000000 I=21.80 mA Q=0.46 mAh SOH=73.10%
11:01:50 [v4 t=588697] V=1890 mV T=23.89 C SOC=53.12% PWR=4 CYC=0 flags=0x00000000 I=21.80 mA Q=0.47 mAh SOH=73.10%
11:01:52 [v4 t=590699] V=1890 mV T=23.56 C SOC=52.96% PWR=4 CYC=0 flags=0x00000000 I=21.80 mA Q=0.48 mAh SOH=73.10%
11:01:54 [v4 t=592702] V=1889 mV T=23.56 C SOC=52.80% PWR=4 CYC=0 flags=0x00000000 I=21.80 mA Q=0.49 mAh SOH=73.10%
11:01:56 [v4 t=594704] V=1889 mV T=23.89 C SOC=52.64% PWR=4 CYC=0 flags=0x00000000 I=21.80 mA Q=0.50 mAh SOH=73.10%
11:01:58 [v4 t=596707] V=1890 mV T=23.56 C SOC=52.48% PWR=4 CYC=0 flags=0x00000000 I=21.80 mA Q=0.52 mAh SOH=73.10%
11:02:00 [v4 t=598709] V=1891 mV T=23.56 C SOC=52.32% PWR=4 CYC=0 flags=0x00000000 I=21.80 mA Q=0.53 mAh SOH=73.10%
11:02:02 [v4 t=600712] V=1891 mV T=23.56 C SOC=52.16% PWR=4 CYC=0 flags=0x00000000 I=21.80 mA Q=0.54 mAh SOH=73.10%
11:02:04 [v4 t=602714] V=1892 mV T=23.89 C SOC=52.00% PWR=4 CYC=0 flags=0x00000000 I=21.80 mA Q=0.55 mAh SOH=73.10%
11:02:06 [v4 t=604717] V=1890 mV T=23.89 C SOC=51.84% PWR=4 CYC=0 flags=0x00000000 I=21.80 mA Q=0.57 mAh SOH=73.10%
11:02:08 [v4 t=606719] V=1889 mV T=23.56 C SOC=51.68% PWR=4 CYC=0 flags=0x00000000 I=21.80 mA Q=0.58 mAh SOH=73.10%
11:02:10 [v4 t=608722] V=1889 mV T=24.22 C SOC=51.52% PWR=4 CYC=0 flags=0x00000000 I=21.80 mA Q=0.59 mAh SOH=73.10%
11:02:12 [v4 t=610724] V=1887 mV T=24.22 C SOC=51.36% PWR=4 CYC=0 flags=0x00000000 I=21.80 mA Q=0.60 mAh SOH=73.10%
11:02:14 [v4 t=612727] V=1887 mV T=23.89 C SOC=51.20% PWR=4 CYC=0 flags=0x00000000 I=21.80 mA Q=0.61 mAh SOH=73.10%
11:02:16 [v4 t=614729] V=1887 mV T=23.23 C SOC=51.04% PWR=4 CYC=0 flags=0x00000000 I=21.80 mA Q=0.63 mAh SOH=73.10%
11:02:18 [v4 t=616732] V=1887 mV T=23.89 C SOC=50.88% PWR=4 CYC=0 flags=0x00000000 I=21.80 mA Q=0.64 mAh SOH=73.10%
11:02:20 [v4 t=618734] V=1888 mV T=23.89 C SOC=50.72% PWR=4 CYC=0 flags=0x00000000 I=21.80 mA Q=0.65 mAh SOH=73.10%
11:02:22 [v4 t=620737] V=1889 mV T=23.89 C SOC=50.56% PWR=4 CYC=0 flags=0x00000000 I=21.80 mA Q=0.66 mAh SOH=73.10%
11:02:24 [v4 t=622739] V=1889 mV T=23.89 C SOC=50.40% PWR=4 CYC=0 flags=0x00000000 I=21.80 mA Q=0.67 mAh SOH=73.10%
11:02:26 [v4 t=624742] V=1889 mV T=23.89 C SOC=50.24% PWR=4 CYC=0 flags=0x00000000 I=21.80 mA Q=0.69 mAh SOH=73.10%
11:02:28 [v4 t=626744] V=1889 mV T=23.89 C SOC=50.08% PWR=4 CYC=0 flags=0x00000000 I=21.80 mA Q=0.70 mAh SOH=73.10%
11:02:30 [v4 t=628747] V=1889 mV T=23.56 C SOC=49.92% PWR=4 CYC=0 flags=0x00000000 I=21.80 mA Q=0.71 mAh SOH=73.10%
11:02:32 [v4 t=630749] V=1887 mV T=23.23 C SOC=49.76% PWR=4 CYC=0 flags=0x00000000 I=21.80 mA Q=0.72 mAh SOH=73.10%
11:02:34 [v4 t=632752] V=1888 mV T=23.23 C SOC=49.60% PWR=4 CYC=0 flags=0x00000000 I=21.80 mA Q=0.74 mAh SOH=73.10%
11:02:36 [v4 t=634755] V=1889 mV T=23.56 C SOC=49.44% PWR=4 CYC=0 flags=0x00000000 I=21.80 mA Q=0.75 mAh SOH=73.10%
11:02:38 [v4 t=636757] V=1890 mV T=23.56 C SOC=49.28% PWR=4 CYC=0 flags=0x00000000 I=21.80 mA Q=0.76 mAh SOH=73.10%
11:02:40 [v4 t=638760] V=1891 mV T=23.56 C SOC=49.12% PWR=4 CYC=0 flags=0x00000000 I=21.80 mA Q=0.77 mAh SOH=73.10%
11:02:42 [v4 t=640762] V=1891 mV T=23.89 C SOC=48.96% PWR=4 CYC=0 flags=0x00000000 I=21.80 mA Q=0.78 mAh SOH=73.10%
11:02:44 [v4 t=642765] V=1890 mV T=23.89 C SOC=48.80% PWR=4 CYC=0 flags=0x00000000 I=21.80 mA Q=0.80 mAh SOH=73.10%
11:02:46 [v4 t=644767] V=1889 mV T=23.56 C SOC=48.64% PWR=4 CYC=0 flags=0x00000000 I=21.80 mA Q=0.81 mAh SOH=73.10%
11:02:48 [v4 t=646770] V=1889 mV T=23.56 C SOC=48.48% PWR=4 CYC=0 flags=0x00000000 I=21.80 mA Q=0.82 mAh SOH=73.10%
11:02:50 [v4 t=648772] V=1888 mV T=23.56 C SOC=48.32% PWR=4 CYC=0 flags=0x00000000 I=21.80 mA Q=0.83 mAh SOH=73.10%
11:02:52 [v4 t=650775] V=1889 mV T=23.89 C SOC=48.16% PWR=4 CYC=0 flags=0x00000000 I=21.80 mA Q=0.84 mAh SOH=73.10%
11:02:54 [v4 t=652777] V=1889 mV T=23.56 C SOC=48.00% PWR=4 CYC=0 flags=0x00000000 I=21.80 mA Q=0.86 mAh SOH=73.10%
11:02:56 [v4 t=654780] V=1888 mV T=23.56 C SOC=47.84% PWR=4 CYC=0 flags=0x00000000 I=21.80 mA Q=0.87 mAh SOH=73.10%
11:02:58 [v4 t=656782] V=1889 mV T=23.89 C SOC=47.68% PWR=4 CYC=0 flags=0x00000000 I=21.80 mA Q=0.88 mAh SOH=73.10%
11:03:00 [v4 t=658785] V=1887 mV T=23.89 C SOC=47.52% PWR=4 CYC=0 flags=0x00000000 I=21.80 mA Q=0.89 mAh SOH=73.10%
11:03:02 [v4 t=660787] V=1887 mV T=23.89 C SOC=47.36% PWR=4 CYC=0 flags=0x00000000 I=21.80 mA Q=0.90 mAh SOH=73.10%
11:03:04 [v4 t=662790] V=1888 mV T=23.89 C SOC=47.20% PWR=4 CYC=0 flags=0x00000000 I=21.80 mA Q=0.92 mAh SOH=73.10%
11:03:06 [v4 t=664792] V=1887 mV T=23.89 C SOC=47.04% PWR=4 CYC=0 flags=0x00000000 I=21.80 mA Q=0.93 mAh SOH=73.10%
11:03:08 [v4 t=666795] V=1889 mV T=23.89 C SOC=46.88% PWR=4 CYC=0 flags=0x00000000 I=21.80 mA Q=0.94 mAh SOH=73.10%
11:03:10 [v4 t=668797] V=1889 mV T=23.56 C SOC=46.72% PWR=4 CYC=0 flags=0x00000000 I=21.80 mA Q=0.95 mAh SOH=73.10%
11:03:12 [v4 t=670800] V=1888 mV T=23.89 C SOC=46.56% PWR=4 CYC=0 flags=0x00000000 I=21.80 mA Q=0.97 mAh SOH=73.10%
11:03:14 [v4 t=672802] V=1888 mV T=23.56 C SOC=46.40% PWR=4 CYC=0 flags=0x00000000 I=21.80 mA Q=0.98 mAh SOH=73.10%
11:03:16 [v4 t=674805] V=1887 mV T=23.89 C SOC=46.24% PWR=4 CYC=0 flags=0x00000000 I=21.80 mA Q=0.99 mAh SOH=73.10%
11:03:18 [v4 t=676807] V=1890 mV T=23.89 C SOC=46.08% PWR=4 CYC=0 flags=0x00000000 I=21.80 mA Q=-1.00 mAh SOH=73.10%
11:03:20 [v4 t=678810] V=1890 mV T=24.55 C SOC=45.92% PWR=4 CYC=0 flags=0x00000000 I=21.80 mA Q=-1.01 mAh SOH=73.10%
11:03:22 [v4 t=680812] V=1895 mV T=23.89 C SOC=45.76% PWR=4 CYC=0 flags=0x00000000 I=21.80 mA Q=-1.03 mAh SOH=73.10%
11:03:24 [v4 t=682815] V=1894 mV T=23.56 C SOC=45.60% PWR=4 CYC=0 flags=0x00000000 I=21.80 mA Q=-1.04 mAh SOH=73.10%
11:03:26 [v4 t=684817] V=1893 mV T=23.89 C SOC=45.44% PWR=4 CYC=0 flags=0x00000000 I=21.80 mA Q=-1.05 mAh SOH=73.10%
11:03:28 [v4 t=686820] V=1893 mV T=23.56 C SOC=45.28% PWR=4 CYC=0 flags=0x00000000 I=21.80 mA Q=-1.06 mAh SOH=73.10%
11:03:30 [v4 t=688822] V=1889 mV T=23.89 C SOC=45.12% PWR=4 CYC=0 flags=0x00000000 I=21.80 mA Q=-1.07 mAh SOH=73.10%
11:03:32 [v4 t=690825] V=1889 mV T=23.89 C SOC=44.96% PWR=4 CYC=0 flags=0x00000000 I=21.80 mA Q=-1.09 mAh SOH=73.10%
11:03:34 [v4 t=692827] V=1889 mV T=23.56 C SOC=44.80% PWR=4 CYC=0 flags=0x00000000 I=21.80 mA Q=-1.10 mAh SOH=73.10%
11:03:35 *** Booting nRF Connect SDK v3.2.2-74845e169be2 ***
11:03:35 *** Using Zephyr OS v4.2.99-fe4f0106803e ***
11:03:35 
11:03:35 === iBattery SDK — On-Target Validation ===
11:03:35 Platform: STM32L4 (NUCLEO-L476RG)
11:03:35 VDD read: VREFINT sensor
11:03:35 Temp src: Die sensor (internal)
11:03:35 Chemistry: CR2032 (3.0V)
11:03:35 Transport: BLE enabled
11:03:35 Charger:   disabled
11:03:35 Current:   INA219 (coulomb counting)
11:03:35 ============================================
11:03:35 
11:03:35 [INA219] probe OK: 0x00da
11:03:35 [INA219] init OK
11:03:35 [00:00:00.014,000] [0m<inf> fs_nvs: 2 Sectors of 2048 bytes[0m
11:03:35 [00:00:00.014,000] [0m<inf> fs_nvs: alloc wra: 0, 710[0m
11:03:35 [00:00:00.014,000] [0m<inf> fs_nvs: data wra: 0, d8[0m
11:03:35 [00:00:00.024,000] [1;33m<wrn> bt_hci_core: Num of Controller's ACL packets != ACL bt_conn_tx contexts (1 != 3)[0m
11:03:35 [00:00:00.028,000] [0m<inf> bt_hci_core: HCI transport: SPI[0m
11:03:35 [00:00:00.028,000] [0m<inf> bt_hci_core: Identity: C4:11:C8:BB:EB:F5 (random)[0m
11:03:35 [00:00:00.028,000] [0m<inf> bt_hci_core: HCI: version 4.2 (0x08) revision 0x3107, manufacturer 0x0030[0m
11:03:35 [00:00:00.028,000] [0m<inf> bt_hci_core: LMP: version 4.2 (0x08) subver 0x0030[0m
11:03:35 Battery SDK initialized OK
11:03:35 [v4 t=32] V=1872 mV T=24.22 C SOC=0.00% PWR=4 CYC=0 flags=0x00000000 I=21.80 mA Q=0.00 mAh SOH=73.10%
11:03:38 [v4 t=2035] V=1876 mV T=23.23 C SOC=0.00% PWR=4 CYC=0 flags=0x00000000 I=21.80 mA Q=0.01 mAh SOH=73.10%
11:03:40 [v4 t=4037] V=1883 mV T=23.56 C SOC=0.00% PWR=4 CYC=0 flags=0x00000000 I=21.80 mA Q=0.02 mAh SOH=73.10%
11:03:42 [v4 t=6039] V=1885 mV T=23.56 C SOC=0.00% PWR=4 CYC=0 flags=0x00000000 I=21.80 mA Q=0.03 mAh SOH=73.10%
11:03:44 [v4 t=8041] V=1889 mV T=23.89 C SOC=0.00% PWR=4 CYC=0 flags=0x00000000 I=21.80 mA Q=0.04 mAh SOH=73.10%
11:03:46 [v4 t=10043] V=1892 mV T=23.89 C SOC=0.00% PWR=4 CYC=0 flags=0x00000000 I=21.80 mA Q=0.06 mAh SOH=73.10%
11:03:48 [v4 t=12045] V=1889 mV T=23.89 C SOC=0.00% PWR=4 CYC=0 flags=0x00000000 I=21.80 mA Q=0.07 mAh SOH=73.10%
11:03:50 [v4 t=14047] V=1889 mV T=23.56 C SOC=0.00% PWR=4 CYC=0 flags=0x00000000 I=21.80 mA Q=0.08 mAh SOH=73.10%
11:03:52 [v4 t=16049] V=1888 mV T=23.56 C SOC=0.00% PWR=4 CYC=0 flags=0x00000000 I=21.80 mA Q=0.09 mAh SOH=73.10%
11:03:54 [v4 t=18051] V=1887 mV T=23.89 C SOC=0.00% PWR=4 CYC=0 flags=0x00000000 I=21.80 mA Q=0.10 mAh SOH=73.10%
11:03:56 [v4 t=20053] V=1889 mV T=23.56 C SOC=0.00% PWR=4 CYC=0 flags=0x00000000 I=21.80 mA Q=0.12 mAh SOH=73.10%
11:03:58 [v4 t=22055] V=1893 mV T=23.56 C SOC=0.00% PWR=4 CYC=0 flags=0x00000000 I=21.80 mA Q=0.13 mAh SOH=73.10%
11:04:00 [v4 t=24057] V=1893 mV T=23.56 C SOC=0.00% PWR=4 CYC=0 flags=0x00000000 I=21.80 mA Q=0.14 mAh SOH=73.10%
11:04:02 [v4 t=26059] V=1894 mV T=23.89 C SOC=0.00% PWR=4 CYC=0 flags=0x00000000 I=21.80 mA Q=0.15 mAh SOH=73.10%
11:04:04 [v4 t=28061] V=1894 mV T=23.56 C SOC=0.00% PWR=4 CYC=0 flags=0x00000000 I=21.80 mA Q=0.16 mAh SOH=73.10%
11:04:06 [v4 t=30063] V=1891 mV T=23.89 C SOC=0.00% PWR=4 CYC=0 flags=0x00000000 I=21.80 mA Q=0.18 mAh SOH=73.10%
11:04:08 [v4 t=32065] V=1891 mV T=23.56 C SOC=0.00% PWR=4 CYC=0 flags=0x00000000 I=21.80 mA Q=0.19 mAh SOH=73.10%
11:04:10 [v4 t=34067] V=1890 mV T=23.89 C SOC=0.00% PWR=4 CYC=0 flags=0x00000000 I=21.80 mA Q=0.20 mAh SOH=73.10%
11:04:12 [v4 t=36069] V=1891 mV T=23.23 C SOC=0.00% PWR=4 CYC=0 flags=0x00000000 I=21.80 mA Q=0.21 mAh SOH=73.10%
11:04:14 [v4 t=38071] V=1891 mV T=23.89 C SOC=0.00% PWR=4 CYC=0 flags=0x00000000 I=21.80 mA Q=0.23 mAh SOH=73.10%
11:04:16 [v4 t=40073] V=1890 mV T=23.56 C SOC=0.00% PWR=4 CYC=0 flags=0x00000000 I=21.80 mA Q=0.24 mAh SOH=73.10%
11:04:18 [v4 t=42075] V=1891 mV T=23.56 C SOC=0.00% PWR=4 CYC=0 flags=0x00000000 I=21.80 mA Q=0.25 mAh SOH=73.10%
11:04:20 [v4 t=44077] V=1888 mV T=23.56 C SOC=0.00% PWR=4 CYC=0 flags=0x00000000 I=21.80 mA Q=0.26 mAh SOH=73.10%
11:04:22 [v4 t=46079] V=1888 mV T=23.56 C SOC=0.00% PWR=4 CYC=0 flags=0x00000000 I=21.80 mA Q=0.27 mAh SOH=73.10%
11:04:24 [v4 t=48081] V=1889 mV T=23.89 C SOC=0.00% PWR=4 CYC=0 flags=0x00000000 I=21.80 mA Q=0.29 mAh SOH=73.10%
11:04:26 [v4 t=50083] V=1889 mV T=23.56 C SOC=0.00% PWR=4 CYC=0 flags=0x00000000 I=21.80 mA Q=0.30 mAh SOH=73.10%
11:04:28 [v4 t=52085] V=1889 mV T=23.56 C SOC=0.00% PWR=4 CYC=0 flags=0x00000000 I=21.80 mA Q=0.31 mAh SOH=73.10%
